2025-05-01 22:31:46 [31merror[39m: TypeError: OAuth2Strategy requires a clientID option
    at Strategy.OAuth2Strategy (/home/zs/Documents/code/pro-backend/node_modules/passport-oauth2/lib/strategy.js:87:34)
    at new Strategy (/home/zs/Documents/code/pro-backend/node_modules/passport-google-oauth20/lib/strategy.js:52:18)
    at Object.<anonymous> (/home/zs/Documents/code/pro-backend/config/passport.js:26:3)
    at Module._compile (node:internal/modules/cjs/loader:1730:14)
    at Object..js (node:internal/modules/cjs/loader:1895:10)
    at Module.load (node:internal/modules/cjs/loader:1465:32)
    at Function._load (node:internal/modules/cjs/loader:1282:12)
    at TracingChannel.traceSync (node:diagnostics_channel:322:14)
    at wrapModuleLoad (node:internal/modules/cjs/loader:235:24)
    at Module.require (node:internal/modules/cjs/loader:1487:12)
2025-05-01 22:49:00 [31merror[39m: TypeError: OAuth2Strategy requires a clientID option
    at Strategy.OAuth2Strategy (/home/zs/Documents/code/pro-backend/node_modules/passport-oauth2/lib/strategy.js:87:34)
    at new Strategy (/home/zs/Documents/code/pro-backend/node_modules/passport-google-oauth20/lib/strategy.js:52:18)
    at Object.<anonymous> (/home/zs/Documents/code/pro-backend/config/passport.js:26:3)
    at Module._compile (node:internal/modules/cjs/loader:1730:14)
    at Object..js (node:internal/modules/cjs/loader:1895:10)
    at Module.load (node:internal/modules/cjs/loader:1465:32)
    at Function._load (node:internal/modules/cjs/loader:1282:12)
    at TracingChannel.traceSync (node:diagnostics_channel:322:14)
    at wrapModuleLoad (node:internal/modules/cjs/loader:235:24)
    at Module.require (node:internal/modules/cjs/loader:1487:12)
2025-05-01 22:49:54 [31merror[39m: TypeError: OAuth2Strategy requires a clientID option
    at Strategy.OAuth2Strategy (/home/zs/Documents/code/pro-backend/node_modules/passport-oauth2/lib/strategy.js:87:34)
    at new Strategy (/home/zs/Documents/code/pro-backend/node_modules/passport-google-oauth20/lib/strategy.js:52:18)
    at Object.<anonymous> (/home/zs/Documents/code/pro-backend/config/passport.js:26:3)
    at Module._compile (node:internal/modules/cjs/loader:1730:14)
    at Object..js (node:internal/modules/cjs/loader:1895:10)
    at Module.load (node:internal/modules/cjs/loader:1465:32)
    at Function._load (node:internal/modules/cjs/loader:1282:12)
    at TracingChannel.traceSync (node:diagnostics_channel:322:14)
    at wrapModuleLoad (node:internal/modules/cjs/loader:235:24)
    at Module.require (node:internal/modules/cjs/loader:1487:12)
2025-05-01 22:50:01 [31merror[39m: TypeError: OAuth2Strategy requires a clientID option
    at Strategy.OAuth2Strategy (/home/zs/Documents/code/pro-backend/node_modules/passport-oauth2/lib/strategy.js:87:34)
    at new Strategy (/home/zs/Documents/code/pro-backend/node_modules/passport-google-oauth20/lib/strategy.js:52:18)
    at Object.<anonymous> (/home/zs/Documents/code/pro-backend/config/passport.js:26:3)
    at Module._compile (node:internal/modules/cjs/loader:1730:14)
    at Object..js (node:internal/modules/cjs/loader:1895:10)
    at Module.load (node:internal/modules/cjs/loader:1465:32)
    at Function._load (node:internal/modules/cjs/loader:1282:12)
    at TracingChannel.traceSync (node:diagnostics_channel:322:14)
    at wrapModuleLoad (node:internal/modules/cjs/loader:235:24)
    at Module.require (node:internal/modules/cjs/loader:1487:12)
2025-05-01 22:50:25 [31merror[39m: TypeError: OAuth2Strategy requires a clientID option
    at Strategy.OAuth2Strategy (/home/zs/Documents/code/pro-backend/node_modules/passport-oauth2/lib/strategy.js:87:34)
    at new Strategy (/home/zs/Documents/code/pro-backend/node_modules/passport-google-oauth20/lib/strategy.js:52:18)
    at Object.<anonymous> (/home/zs/Documents/code/pro-backend/config/passport.js:26:3)
    at Module._compile (node:internal/modules/cjs/loader:1730:14)
    at Object..js (node:internal/modules/cjs/loader:1895:10)
    at Module.load (node:internal/modules/cjs/loader:1465:32)
    at Function._load (node:internal/modules/cjs/loader:1282:12)
    at TracingChannel.traceSync (node:diagnostics_channel:322:14)
    at wrapModuleLoad (node:internal/modules/cjs/loader:235:24)
    at Module.require (node:internal/modules/cjs/loader:1487:12)
2025-05-01 22:51:37 [31merror[39m: TypeError: OAuth2Strategy requires a clientID option
    at Strategy.OAuth2Strategy (/home/zs/Documents/code/pro-backend/node_modules/passport-oauth2/lib/strategy.js:87:34)
    at new Strategy (/home/zs/Documents/code/pro-backend/node_modules/passport-google-oauth20/lib/strategy.js:52:18)
    at Object.<anonymous> (/home/zs/Documents/code/pro-backend/config/passport.js:26:3)
    at Module._compile (node:internal/modules/cjs/loader:1730:14)
    at Object..js (node:internal/modules/cjs/loader:1895:10)
    at Module.load (node:internal/modules/cjs/loader:1465:32)
    at Function._load (node:internal/modules/cjs/loader:1282:12)
    at TracingChannel.traceSync (node:diagnostics_channel:322:14)
    at wrapModuleLoad (node:internal/modules/cjs/loader:235:24)
    at Module.require (node:internal/modules/cjs/loader:1487:12)
2025-05-01 22:51:44 [31merror[39m: TypeError: OAuth2Strategy requires a clientID option
    at Strategy.OAuth2Strategy (/home/zs/Documents/code/pro-backend/node_modules/passport-oauth2/lib/strategy.js:87:34)
    at new Strategy (/home/zs/Documents/code/pro-backend/node_modules/passport-google-oauth20/lib/strategy.js:52:18)
    at Object.<anonymous> (/home/zs/Documents/code/pro-backend/config/passport.js:26:3)
    at Module._compile (node:internal/modules/cjs/loader:1730:14)
    at Object..js (node:internal/modules/cjs/loader:1895:10)
    at Module.load (node:internal/modules/cjs/loader:1465:32)
    at Function._load (node:internal/modules/cjs/loader:1282:12)
    at TracingChannel.traceSync (node:diagnostics_channel:322:14)
    at wrapModuleLoad (node:internal/modules/cjs/loader:235:24)
    at Module.require (node:internal/modules/cjs/loader:1487:12)
2025-05-01 22:52:24 [31merror[39m: TypeError: OAuth2Strategy requires a clientID option
    at Strategy.OAuth2Strategy (/home/zs/Documents/code/pro-backend/node_modules/passport-oauth2/lib/strategy.js:87:34)
    at new Strategy (/home/zs/Documents/code/pro-backend/node_modules/passport-google-oauth20/lib/strategy.js:52:18)
    at Object.<anonymous> (/home/zs/Documents/code/pro-backend/config/passport.js:26:3)
    at Module._compile (node:internal/modules/cjs/loader:1730:14)
    at Object..js (node:internal/modules/cjs/loader:1895:10)
    at Module.load (node:internal/modules/cjs/loader:1465:32)
    at Function._load (node:internal/modules/cjs/loader:1282:12)
    at TracingChannel.traceSync (node:diagnostics_channel:322:14)
    at wrapModuleLoad (node:internal/modules/cjs/loader:235:24)
    at Module.require (node:internal/modules/cjs/loader:1487:12)
2025-05-01 22:52:30 [31merror[39m: TypeError: OAuth2Strategy requires a clientID option
    at Strategy.OAuth2Strategy (/home/zs/Documents/code/pro-backend/node_modules/passport-oauth2/lib/strategy.js:87:34)
    at new Strategy (/home/zs/Documents/code/pro-backend/node_modules/passport-google-oauth20/lib/strategy.js:52:18)
    at Object.<anonymous> (/home/zs/Documents/code/pro-backend/config/passport.js:26:3)
    at Module._compile (node:internal/modules/cjs/loader:1730:14)
    at Object..js (node:internal/modules/cjs/loader:1895:10)
    at Module.load (node:internal/modules/cjs/loader:1465:32)
    at Function._load (node:internal/modules/cjs/loader:1282:12)
    at TracingChannel.traceSync (node:diagnostics_channel:322:14)
    at wrapModuleLoad (node:internal/modules/cjs/loader:235:24)
    at Module.require (node:internal/modules/cjs/loader:1487:12)
2025-05-01 22:54:20 [31merror[39m: TypeError: OAuth2Strategy requires a clientID option
    at Strategy.OAuth2Strategy (/home/zs/Documents/code/pro-backend/node_modules/passport-oauth2/lib/strategy.js:87:34)
    at new Strategy (/home/zs/Documents/code/pro-backend/node_modules/passport-google-oauth20/lib/strategy.js:52:18)
    at Object.<anonymous> (/home/zs/Documents/code/pro-backend/config/passport.js:26:3)
    at Module._compile (node:internal/modules/cjs/loader:1730:14)
    at Object..js (node:internal/modules/cjs/loader:1895:10)
    at Module.load (node:internal/modules/cjs/loader:1465:32)
    at Function._load (node:internal/modules/cjs/loader:1282:12)
    at TracingChannel.traceSync (node:diagnostics_channel:322:14)
    at wrapModuleLoad (node:internal/modules/cjs/loader:235:24)
    at Module.require (node:internal/modules/cjs/loader:1487:12)
2025-05-01 22:54:29 [31merror[39m: TypeError: OAuth2Strategy requires a clientID option
    at Strategy.OAuth2Strategy (/home/zs/Documents/code/pro-backend/node_modules/passport-oauth2/lib/strategy.js:87:34)
    at new Strategy (/home/zs/Documents/code/pro-backend/node_modules/passport-google-oauth20/lib/strategy.js:52:18)
    at Object.<anonymous> (/home/zs/Documents/code/pro-backend/config/passport.js:26:3)
    at Module._compile (node:internal/modules/cjs/loader:1730:14)
    at Object..js (node:internal/modules/cjs/loader:1895:10)
    at Module.load (node:internal/modules/cjs/loader:1465:32)
    at Function._load (node:internal/modules/cjs/loader:1282:12)
    at TracingChannel.traceSync (node:diagnostics_channel:322:14)
    at wrapModuleLoad (node:internal/modules/cjs/loader:235:24)
    at Module.require (node:internal/modules/cjs/loader:1487:12)
2025-05-01 22:54:38 [31merror[39m: TypeError: OAuth2Strategy requires a clientID option
    at Strategy.OAuth2Strategy (/home/zs/Documents/code/pro-backend/node_modules/passport-oauth2/lib/strategy.js:87:34)
    at new Strategy (/home/zs/Documents/code/pro-backend/node_modules/passport-google-oauth20/lib/strategy.js:52:18)
    at Object.<anonymous> (/home/zs/Documents/code/pro-backend/config/passport.js:26:3)
    at Module._compile (node:internal/modules/cjs/loader:1730:14)
    at Object..js (node:internal/modules/cjs/loader:1895:10)
    at Module.load (node:internal/modules/cjs/loader:1465:32)
    at Function._load (node:internal/modules/cjs/loader:1282:12)
    at TracingChannel.traceSync (node:diagnostics_channel:322:14)
    at wrapModuleLoad (node:internal/modules/cjs/loader:235:24)
    at Module.require (node:internal/modules/cjs/loader:1487:12)
2025-05-01 22:54:49 [31merror[39m: TypeError: OAuth2Strategy requires a clientID option
    at Strategy.OAuth2Strategy (/home/zs/Documents/code/pro-backend/node_modules/passport-oauth2/lib/strategy.js:87:34)
    at new Strategy (/home/zs/Documents/code/pro-backend/node_modules/passport-google-oauth20/lib/strategy.js:52:18)
    at Object.<anonymous> (/home/zs/Documents/code/pro-backend/config/passport.js:26:3)
    at Module._compile (node:internal/modules/cjs/loader:1730:14)
    at Object..js (node:internal/modules/cjs/loader:1895:10)
    at Module.load (node:internal/modules/cjs/loader:1465:32)
    at Function._load (node:internal/modules/cjs/loader:1282:12)
    at TracingChannel.traceSync (node:diagnostics_channel:322:14)
    at wrapModuleLoad (node:internal/modules/cjs/loader:235:24)
    at Module.require (node:internal/modules/cjs/loader:1487:12)
2025-05-01 22:55:39 [31merror[39m: TypeError: OAuth2Strategy requires a clientID option
    at Strategy.OAuth2Strategy (/home/zs/Documents/code/pro-backend/node_modules/passport-oauth2/lib/strategy.js:87:34)
    at new Strategy (/home/zs/Documents/code/pro-backend/node_modules/passport-google-oauth20/lib/strategy.js:52:18)
    at Object.<anonymous> (/home/zs/Documents/code/pro-backend/config/passport.js:26:3)
    at Module._compile (node:internal/modules/cjs/loader:1730:14)
    at Object..js (node:internal/modules/cjs/loader:1895:10)
    at Module.load (node:internal/modules/cjs/loader:1465:32)
    at Function._load (node:internal/modules/cjs/loader:1282:12)
    at TracingChannel.traceSync (node:diagnostics_channel:322:14)
    at wrapModuleLoad (node:internal/modules/cjs/loader:235:24)
    at Module.require (node:internal/modules/cjs/loader:1487:12)
2025-05-01 22:56:02 [31merror[39m: TypeError: OAuth2Strategy requires a clientID option
    at Strategy.OAuth2Strategy (/home/zs/Documents/code/pro-backend/node_modules/passport-oauth2/lib/strategy.js:87:34)
    at new Strategy (/home/zs/Documents/code/pro-backend/node_modules/passport-google-oauth20/lib/strategy.js:52:18)
    at Object.<anonymous> (/home/zs/Documents/code/pro-backend/config/passport.js:26:3)
    at Module._compile (node:internal/modules/cjs/loader:1730:14)
    at Object..js (node:internal/modules/cjs/loader:1895:10)
    at Module.load (node:internal/modules/cjs/loader:1465:32)
    at Function._load (node:internal/modules/cjs/loader:1282:12)
    at TracingChannel.traceSync (node:diagnostics_channel:322:14)
    at wrapModuleLoad (node:internal/modules/cjs/loader:235:24)
    at Module.require (node:internal/modules/cjs/loader:1487:12)
2025-05-01 22:56:09 [31merror[39m: TypeError: OAuth2Strategy requires a clientID option
    at Strategy.OAuth2Strategy (/home/zs/Documents/code/pro-backend/node_modules/passport-oauth2/lib/strategy.js:87:34)
    at new Strategy (/home/zs/Documents/code/pro-backend/node_modules/passport-google-oauth20/lib/strategy.js:52:18)
    at Object.<anonymous> (/home/zs/Documents/code/pro-backend/config/passport.js:26:3)
    at Module._compile (node:internal/modules/cjs/loader:1730:14)
    at Object..js (node:internal/modules/cjs/loader:1895:10)
    at Module.load (node:internal/modules/cjs/loader:1465:32)
    at Function._load (node:internal/modules/cjs/loader:1282:12)
    at TracingChannel.traceSync (node:diagnostics_channel:322:14)
    at wrapModuleLoad (node:internal/modules/cjs/loader:235:24)
    at Module.require (node:internal/modules/cjs/loader:1487:12)
2025-05-01 22:56:18 [31merror[39m: TypeError: OAuth2Strategy requires a clientID option
    at Strategy.OAuth2Strategy (/home/zs/Documents/code/pro-backend/node_modules/passport-oauth2/lib/strategy.js:87:34)
    at new Strategy (/home/zs/Documents/code/pro-backend/node_modules/passport-google-oauth20/lib/strategy.js:52:18)
    at Object.<anonymous> (/home/zs/Documents/code/pro-backend/config/passport.js:26:3)
    at Module._compile (node:internal/modules/cjs/loader:1730:14)
    at Object..js (node:internal/modules/cjs/loader:1895:10)
    at Module.load (node:internal/modules/cjs/loader:1465:32)
    at Function._load (node:internal/modules/cjs/loader:1282:12)
    at TracingChannel.traceSync (node:diagnostics_channel:322:14)
    at wrapModuleLoad (node:internal/modules/cjs/loader:235:24)
    at Module.require (node:internal/modules/cjs/loader:1487:12)
2025-05-01 22:56:30 [31merror[39m: TypeError: OAuth2Strategy requires a clientID option
    at Strategy.OAuth2Strategy (/home/zs/Documents/code/pro-backend/node_modules/passport-oauth2/lib/strategy.js:87:34)
    at new Strategy (/home/zs/Documents/code/pro-backend/node_modules/passport-google-oauth20/lib/strategy.js:52:18)
    at Object.<anonymous> (/home/zs/Documents/code/pro-backend/config/passport.js:26:3)
    at Module._compile (node:internal/modules/cjs/loader:1730:14)
    at Object..js (node:internal/modules/cjs/loader:1895:10)
    at Module.load (node:internal/modules/cjs/loader:1465:32)
    at Function._load (node:internal/modules/cjs/loader:1282:12)
    at TracingChannel.traceSync (node:diagnostics_channel:322:14)
    at wrapModuleLoad (node:internal/modules/cjs/loader:235:24)
    at Module.require (node:internal/modules/cjs/loader:1487:12)
2025-05-01 22:57:20 [31merror[39m: TypeError: OAuth2Strategy requires a clientID option
    at Strategy.OAuth2Strategy (/home/zs/Documents/code/pro-backend/node_modules/passport-oauth2/lib/strategy.js:87:34)
    at new Strategy (/home/zs/Documents/code/pro-backend/node_modules/passport-google-oauth20/lib/strategy.js:52:18)
    at Object.<anonymous> (/home/zs/Documents/code/pro-backend/config/passport.js:26:3)
    at Module._compile (node:internal/modules/cjs/loader:1730:14)
    at Object..js (node:internal/modules/cjs/loader:1895:10)
    at Module.load (node:internal/modules/cjs/loader:1465:32)
    at Function._load (node:internal/modules/cjs/loader:1282:12)
    at TracingChannel.traceSync (node:diagnostics_channel:322:14)
    at wrapModuleLoad (node:internal/modules/cjs/loader:235:24)
    at Module.require (node:internal/modules/cjs/loader:1487:12)
2025-05-01 22:57:31 [31merror[39m: TypeError: OAuth2Strategy requires a clientID option
    at Strategy.OAuth2Strategy (/home/zs/Documents/code/pro-backend/node_modules/passport-oauth2/lib/strategy.js:87:34)
    at new Strategy (/home/zs/Documents/code/pro-backend/node_modules/passport-google-oauth20/lib/strategy.js:52:18)
    at Object.<anonymous> (/home/zs/Documents/code/pro-backend/config/passport.js:26:3)
    at Module._compile (node:internal/modules/cjs/loader:1730:14)
    at Object..js (node:internal/modules/cjs/loader:1895:10)
    at Module.load (node:internal/modules/cjs/loader:1465:32)
    at Function._load (node:internal/modules/cjs/loader:1282:12)
    at TracingChannel.traceSync (node:diagnostics_channel:322:14)
    at wrapModuleLoad (node:internal/modules/cjs/loader:235:24)
    at Module.require (node:internal/modules/cjs/loader:1487:12)
2025-05-01 22:59:17 [31merror[39m: TypeError: passportConfig is not a function
    at Object.<anonymous> (/home/zs/Documents/code/pro-backend/app.js:23:1)
    at Module._compile (node:internal/modules/cjs/loader:1730:14)
    at Object..js (node:internal/modules/cjs/loader:1895:10)
    at Module.load (node:internal/modules/cjs/loader:1465:32)
    at Function._load (node:internal/modules/cjs/loader:1282:12)
    at TracingChannel.traceSync (node:diagnostics_channel:322:14)
    at wrapModuleLoad (node:internal/modules/cjs/loader:235:24)
    at Module.require (node:internal/modules/cjs/loader:1487:12)
    at require (node:internal/modules/helpers:135:16)
    at Object.<anonymous> (/home/zs/Documents/code/pro-backend/server.js:1:13)
2025-05-01 22:59:38 [31merror[39m: TypeError: passportConfig is not a function
    at Object.<anonymous> (/home/zs/Documents/code/pro-backend/app.js:23:1)
    at Module._compile (node:internal/modules/cjs/loader:1730:14)
    at Object..js (node:internal/modules/cjs/loader:1895:10)
    at Module.load (node:internal/modules/cjs/loader:1465:32)
    at Function._load (node:internal/modules/cjs/loader:1282:12)
    at TracingChannel.traceSync (node:diagnostics_channel:322:14)
    at wrapModuleLoad (node:internal/modules/cjs/loader:235:24)
    at Function.executeUserEntryPoint [as runMain] (node:internal/modules/run_main:170:5)
    at node:internal/main/run_main_module:36:49
2025-05-01 22:59:48 [31merror[39m: TypeError: passportConfig is not a function
    at Object.<anonymous> (/home/zs/Documents/code/pro-backend/app.js:23:1)
    at Module._compile (node:internal/modules/cjs/loader:1730:14)
    at Object..js (node:internal/modules/cjs/loader:1895:10)
    at Module.load (node:internal/modules/cjs/loader:1465:32)
    at Function._load (node:internal/modules/cjs/loader:1282:12)
    at TracingChannel.traceSync (node:diagnostics_channel:322:14)
    at wrapModuleLoad (node:internal/modules/cjs/loader:235:24)
    at Function.executeUserEntryPoint [as runMain] (node:internal/modules/run_main:170:5)
    at node:internal/main/run_main_module:36:49
2025-05-01 23:00:15 [31merror[39m: TypeError: passportConfig is not a function
    at Object.<anonymous> (/home/zs/Documents/code/pro-backend/app.js:23:1)
    at Module._compile (node:internal/modules/cjs/loader:1730:14)
    at Object..js (node:internal/modules/cjs/loader:1895:10)
    at Module.load (node:internal/modules/cjs/loader:1465:32)
    at Function._load (node:internal/modules/cjs/loader:1282:12)
    at TracingChannel.traceSync (node:diagnostics_channel:322:14)
    at wrapModuleLoad (node:internal/modules/cjs/loader:235:24)
    at Function.executeUserEntryPoint [as runMain] (node:internal/modules/run_main:170:5)
    at node:internal/main/run_main_module:36:49
2025-05-01 23:21:19 [31merror[39m: TypeError: passportConfig is not a function
    at Object.<anonymous> (/home/zs/Documents/code/pro-backend/app.js:26:1)
    at Module._compile (node:internal/modules/cjs/loader:1730:14)
    at Object..js (node:internal/modules/cjs/loader:1895:10)
    at Module.load (node:internal/modules/cjs/loader:1465:32)
    at Function._load (node:internal/modules/cjs/loader:1282:12)
    at TracingChannel.traceSync (node:diagnostics_channel:322:14)
    at wrapModuleLoad (node:internal/modules/cjs/loader:235:24)
    at Module.require (node:internal/modules/cjs/loader:1487:12)
    at require (node:internal/modules/helpers:135:16)
    at Object.<anonymous> (/home/zs/Documents/code/pro-backend/server.js:1:13)
